// Jest Snapshot v1, https://goo.gl/fbAQLP

exports[`renders correctly 1`] = `
<div
  className="sc-AxjAm YHoGC"
  type="success"
>
  SUCCESS
</div>
`;
